
      db    8888P 8    8 8    
    dPYb     dP  8    8 8    
  dPwwYb   dP   8b..d8 8    
dP    Yb d8888 `Y88P' 8888

Info: No seed argument detect, using seed 0 instead.
Enter a number
1. Start Game
2. Load Game
3. Credits
4. Exit
> Name: Arone Susau
Student ID: s3728977
Email: s3728977@student.rmit.edu.au

Name: Julian Bitetto
Student ID: s3690935
Email: s3690935@student.rmit.edu.au

Name: Travis Stella
Student ID: s3783006
Email: s3783006@student.rmit.edu.au

> See ya :D
